// Jest Snapshot v1, https://goo.gl/fbAQLP

exports[`modules/module1 should render and match snapshot 1`] = `
<React.Fragment>
  Module1
</React.Fragment>
`;
